[smartdemowp.com/dinso/index.html]
[backblue.gif]
[fade.gif]
[index.html]
[smartdemowp.com/dinso/wp-content/cache/min/1/a4b6642a45b93bddbca1954a041ca4db.css]
[smartdemowp.com/dinso/wp-includes/js/jquery/jquery4a5f.js]
[smartdemowp.com/dinso/wp-json/wp/v2/pages/23.json]
[smartdemowp.com/dinso/wp-json/index.html]
[smartdemowp.com/dinso/comments/feed/index.html]
[smartdemowp.com/dinso/feed/index.html]
[smartdemowp.com/dinso/xmlrpc0db0.php]
[smartdemowp.com/dinso/wp-includes/wlwmanifest.xml]
[smartdemowp.com/dinso/wp-json/oembed/1.0/embedfed2.json]
[smartdemowp.com/dinso/wp-json/oembed/1.0/embed07d9]
[smartdemowp.com/dinso/wp-content/uploads/2020/03/favicon.png]
[smartdemowp.com/dinso/wp-content/uploads/2020/03/3-3.jpg]
[smartdemowp.com/dinso/contact/index.html]
[smartdemowp.com/dinso/wp-content/themes/dinso/assets/images/logo.svg]
[smartdemowp.com/dinso/wp-content/themes/dinso/assets/images/logo-small.png]
[smartdemowp.com/dinso/wp-content/themes/dinso/assets/images/nav-logo.png]
[smartdemowp.com/dinso/wp-content/uploads/2020/03/project-1.jpg]
[smartdemowp.com/dinso/home-2/index2c37.html]
[smartdemowp.com/dinso/home-3/index5557.html]
[smartdemowp.com/dinso/wp-content/uploads/2020/03/2-10.jpg]
[smartdemowp.com/dinso/home-4/index5557.html]
[smartdemowp.com/dinso/home-5/index7a98.html]
[smartdemowp.com/dinso/wp-content/uploads/2020/03/about-img-1.jpg]
[smartdemowp.com/dinso/wp-content/uploads/2020/03/room-img-1.jpg]
[smartdemowp.com/dinso/home-6/index7a98.html]
[smartdemowp.com/dinso/wp-content/uploads/2020/03/room-img-2.jpg]
[smartdemowp.com/dinso/home-7/index7a98.html]
[smartdemowp.com/dinso/wp-content/uploads/2020/03/room-img-3.jpg]
[smartdemowp.com/dinso/about-property/index.html]
[smartdemowp.com/dinso/about-us/index.html]
[smartdemowp.com/dinso/wp-content/uploads/2020/03/room-img-4.jpg]
[smartdemowp.com/dinso/gallery/index.html]
[smartdemowp.com/dinso/apartments/index.html]
[smartdemowp.com/dinso/wp-content/uploads/2020/03/room-img-6.jpg]
[smartdemowp.com/dinso/team/index.html]
[smartdemowp.com/dinso/apartments/one-room-apartment-3/index.html]
[smartdemowp.com/dinso/wp-content/uploads/2020/03/1-3.jpg]
[smartdemowp.com/dinso/news/index.html]
[smartdemowp.com/dinso/wp-content/uploads/2020/03/floor-img.jpg]
[smartdemowp.com/dinso/wp-content/uploads/2020/03/map-layer.jpg]
[smartdemowp.com/dinso/wp-content/uploads/2020/03/shutterstock_552591889-e1584255449387.jpg]
[smartdemowp.com/dinso/many-important-brands-have-given-us-their-trust-6/index.html]
[smartdemowp.com/dinso/wp-content/uploads/2020/03/shutterstock_350609716-e1584255478462.jpg]
[smartdemowp.com/dinso/many-important-brands-have-given-us-their-trust-1/index.html]
[smartdemowp.com/dinso/wp-content/uploads/2020/03/1-1.jpg]
[smartdemowp.com/dinso/wp-content/uploads/2020/03/2-1.jpg]
[smartdemowp.com/dinso/wp-content/uploads/2020/03/3-1.jpg]
[smartdemowp.com/dinso/wp-content/uploads/2020/03/4-1.jpg]
[smartdemowp.com/dinso/author/admin/index.html]
[smartdemowp.com/dinso/wp-content/uploads/2020/03/5-1.jpg]
[smartdemowp.com/dinso/wp-content/uploads/2020/03/agent-thumb.jpg]
[smartdemowp.com/dinso/many-important-brands-have-given-us-their-trust-5/index.html]
[smartdemowp.com/dinso/wp-content/cache/min/1/dinso/wp-content/plugins/dinso-core/dinso-addons/assets/js/addons-script-bccece93fafbb05539e9254b27bfeb83.js]
[smartdemowp.com/dinso/wp-content/plugins/color-sds-picker/js/jQuery.style.switcher.mindb2a.js]
[smartdemowp.com/dinso/wp-content/cache/min/1/dinso/wp-content/plugins/color-sds-picker/js/switcher-720318e0fe1301c0b857ac1bcd324f0b.js]
[smartdemowp.com/dinso/wp-content/cache/min/1/dinso/wp-content/plugins/contact-form-7/includes/js/scripts-51b2f51b582a77e0adb6021a239b7070.js]
[smartdemowp.com/dinso/wp-content/themes/dinso/assets/js/popper.min5697.js]
[smartdemowp.com/dinso/wp-content/themes/dinso/assets/js/bootstrap.min5697.js]
[smartdemowp.com/dinso/wp-content/cache/min/1/dinso/wp-content/themes/dinso/assets/js/jquery.fancybox-7e938dd960e1e30881da4d128b16e02f.js]
[smartdemowp.com/dinso/wp-content/cache/min/1/dinso/wp-content/themes/dinso/assets/js/jquery-ui-306adc007be59b08720a827397c15fc7.js]
[smartdemowp.com/dinso/wp-content/cache/min/1/dinso/wp-content/themes/dinso/assets/js/mixitup-a325111a47d29888760ae4034a3761a7.js]
[smartdemowp.com/dinso/wp-content/cache/min/1/dinso/wp-content/themes/dinso/assets/js/appear-263242e6ff4d146b6eb139ffd8ade8a0.js]
[smartdemowp.com/dinso/wp-content/cache/min/1/dinso/wp-content/themes/dinso/assets/js/owl-812aee59fca0dddd04e2d15c24c4f028.js]
[smartdemowp.com/dinso/wp-content/cache/min/1/dinso/wp-content/themes/dinso/assets/js/wow-93707f358673626cd1246f59ad49b9ae.js]
[smartdemowp.com/dinso/wp-content/cache/min/1/dinso/wp-content/themes/dinso/assets/js/scrollbar-d5d6489b85e739f179d8e9c0d8c221db.js]
[smartdemowp.com/dinso/wp-content/cache/min/1/dinso/wp-content/themes/dinso/assets/js/plugin-5da8b348558ff70bd12544fa702d075c.js]
[smartdemowp.com/dinso/wp-content/cache/min/1/dinso/wp-content/themes/dinso/assets/js/script-24b990684132af7c6a8c8f4101dfd59e.js]
[smartdemowp.com/dinso/wp-content/cache/min/1/dinso/wp-content/themes/dinso/assets/js/script-2-a413441c75e884c2a62bb685038f50ff.js]
[smartdemowp.com/dinso/wp-includes/js/wp-embed.min5697.js]
[smartdemowp.com/dinso/wp-content/plugins/elementor/assets/js/frontend-modules.minb1df.js]
[smartdemowp.com/dinso/wp-includes/js/jquery/ui/position.mine899.js]
[smartdemowp.com/dinso/wp-content/plugins/elementor/assets/lib/dialog/dialog.mina288.js]
[smartdemowp.com/dinso/wp-content/plugins/elementor/assets/lib/waypoints/waypoints.min05da.js]
[smartdemowp.com/dinso/wp-content/plugins/elementor/assets/lib/swiper/swiper.min48f5.js]
[smartdemowp.com/dinso/wp-content/plugins/elementor/assets/lib/share-link/share-link.minb1df.js]
[smartdemowp.com/dinso/wp-content/plugins/elementor/assets/js/frontend.minb1df.js]
[smartdemowp.com/dinso/index.html]
[smartdemowp.com/dinso/wp-content/plugins/wp-rocket/assets/js/lazyload/16.1/lazyload.min.js]
[smartdemowp.com/dinso/wp-content/plugins/contact-form-7/images/ajax-loader.gif]
[smartdemowp.com/dinso/wp-content/plugins/elementor/assets/lib/eicons/fonts/eiconsc2cd.eot]
[smartdemowp.com/dinso/wp-content/plugins/elementor/assets/lib/eicons/fonts/eiconsc2cd.woff2]
[smartdemowp.com/dinso/wp-content/plugins/elementor/assets/lib/eicons/fonts/eiconsc2cd.woff]
[smartdemowp.com/dinso/wp-content/plugins/elementor/assets/lib/eicons/fonts/eiconsc2cd.ttf]
[smartdemowp.com/dinso/wp-content/plugins/elementor/assets/lib/eicons/fonts/eiconsc2cd.svg]
[smartdemowp.com/dinso/wp-content/uploads/2020/03/shutterstock_99403373-e1584255219633.jpg]
[smartdemowp.com/dinso/wp-content/cache/min/1/a4b6642a45b93bddbca1954a041ca4db.css]
[smartdemowp.com/dinso/wp-content/plugins/color-sds-picker/css/color/theme-colordb2a.css]
[smartdemowp.com/dinso/wp-content/cache/min/1/b24d4d02de9a582057420f0ae84dbdc5.css]
[smartdemowp.com/dinso/wp-json/wp/v2/pages/282.json]
[smartdemowp.com/dinso/wp-json/oembed/1.0/embedf1d4.json]
[smartdemowp.com/dinso/indexa8da.html]
[smartdemowp.com/dinso/wp-json/oembed/1.0/embed6b76]
[smartdemowp.com/dinso/wp-content/cache/min/1/dinso/wp-content/plugins/dinso-core/dinso-addons/assets/js/addons-script-e167e5e00db5acf282c0f22f4f46d4a6.js]
[smartdemowp.com/dinso/wp-content/plugins/color-sds-picker/js/jQuery.style.switcher.min2bb8.js]
[smartdemowp.com/dinso/wp-content/cache/min/1/dinso/wp-content/plugins/contact-form-7/includes/js/scripts-488046decfb3096c9da04432287a888b.js]
[smartdemowp.com/dinso/wp-content/cache/min/1/dinso/wp-content/themes/dinso/assets/js/appear-4809e2e650b88850c14894d0915ecbfd.js]
[smartdemowp.com/dinso/wp-content/cache/min/1/dinso/wp-content/themes/dinso/assets/js/mixitup-d28bebc81d3a6af7ea5c51f8623217f0.js]
[smartdemowp.com/dinso/wp-content/cache/min/1/dinso/wp-content/themes/dinso/assets/js/wow-4d64b5d0ecd4da8ddc4e31031c17e358.js]
[smartdemowp.com/dinso/wp-content/cache/min/1/dinso/wp-content/themes/dinso/assets/js/jquery.fancybox-ad0348c200f2de64bec7fa7e7a609434.js]
[smartdemowp.com/dinso/wp-content/cache/min/1/dinso/wp-content/themes/dinso/assets/js/owl-801478aedc0747f96514b7074e50bdd7.js]
[smartdemowp.com/dinso/wp-content/cache/min/1/dinso/wp-content/themes/dinso/assets/js/scrollbar-4df80e3ac338b843ce677f01e74227bb.js]
[smartdemowp.com/dinso/wp-content/cache/min/1/dinso/wp-content/themes/dinso/assets/js/script-20f742d3ea3746398506faa20ade12ee.js]
[smartdemowp.com/dinso/contact/index.html]
[smartdemowp.com/dinso/wp-content/themes/dinso/assets/images/logo.svg]
[smartdemowp.com/dinso/wp-content/cache/min/1/dinso/wp-content/themes/dinso/assets/js/script-2-928fab3a16db4b21a740cdfa83874cec.js]
[smartdemowp.com/dinso/wp-includes/css/dist/block-library/style.min5697.css]
[smartdemowp.com/dinso/wp-content/themes/dinso/assets/css/color5837.css]
[smartdemowp.com/dinso/wp-content/cache/min/1/dinso/wp-content/themes/dinso/assets/js/plugin-1e5ae26641677fe4452579726aaf9710.js]
[smartdemowp.com/dinso/wp-content/plugins/color-sds-picker/css/switcher-style6eca.css]
[smartdemowp.com/dinso/wp-content/plugins/contact-form-7/includes/css/stylesbb49.css]
[smartdemowp.com/dinso/wp-content/cache/min/1/dinso/wp-content/themes/dinso/assets/js/jquery-ui-e2db6d46713a8e129cc05c0a6cfda9e4.js]
[smartdemowp.com/dinso/wp-content/plugins/elementor/assets/lib/eicons/css/elementor-icons.min74e5.css]
[smartdemowp.com/dinso/wp-content/plugins/elementor/assets/lib/animations/animations.minb1df.css]
[smartdemowp.com/dinso/wp-content/plugins/elementor/assets/css/frontend-legacy.minb1df.css]
[smartdemowp.com/dinso/wp-content/uploads/elementor/css/post-4987979.css]
[smartdemowp.com/dinso/wp-content/plugins/elementor/assets/css/frontend.minb1df.css]
[smartdemowp.com/dinso/wp-content/uploads/elementor/css/global7979.css]
[smartdemowp.com/dinso/wp-content/uploads/elementor/css/post-190f216.css]
[smartdemowp.com/dinso/wp-content/themes/dinso/assets/css/bootstrap68b3.css]
[smartdemowp.com/dinso/wp-content/themes/dinso/assets/css/fontawesome-all68b3.css]
[smartdemowp.com/dinso/wp-content/themes/dinso/assets/css/animate68b3.css]
[smartdemowp.com/dinso/wp-content/themes/dinso/assets/css/flaticon68b3.css]
[smartdemowp.com/dinso/wp-content/themes/dinso/assets/css/owl68b3.css]
[smartdemowp.com/dinso/wp-content/themes/dinso/assets/css/jquery.fancybox.min68b3.css]
[smartdemowp.com/dinso/wp-content/themes/dinso/assets/css/scrollbar68b3.css]
[smartdemowp.com/dinso/wp-content/themes/dinso/assets/css/theme-default/animate-css68b3.css]
[smartdemowp.com/dinso/wp-content/themes/dinso/assets/css/theme-default/theme-default68b3.css]
[smartdemowp.com/dinso/wp-content/themes/dinso/style5837.css]
[smartdemowp.com/dinso/wp-content/themes/dinso/assets/css/jquery-ui68b3.css]
[smartdemowp.com/dinso/wp-content/themes/dinso/assets/css/plugin68b3.css]
[smartdemowp.com/dinso/wp-content/themes/dinso/assets/css/responsive5837.css]
[smartdemowp.com/dinso/wp-content/themes/dinso/assets/css/style-25837.css]
[smartdemowp.com/dinso/wp-content/plugins/dinso-core/dinso-addons/icon/stylead76.css]
[smartdemowp.com/dinso/wp-json/wp/v2/pages/190.json]
[smartdemowp.com/dinso/wp-json/oembed/1.0/embed5d19.json]
[smartdemowp.com/dinso/index261b.html]
[smartdemowp.com/dinso/wp-json/oembed/1.0/embed3699]
[smartdemowp.com/dinso/home-2/index.html]
[smartdemowp.com/dinso/wp-content/uploads/2020/03/4-2.jpg]
[smartdemowp.com/dinso/wp-content/uploads/2020/03/5-2.jpg]
[smartdemowp.com/dinso/wp-content/uploads/2020/03/6-1.jpg]
[smartdemowp.com/dinso/wp-content/uploads/2020/03/pattern-3.jpg]
[smartdemowp.com/dinso/wp-content/uploads/2020/03/project-2.jpg]
[smartdemowp.com/dinso/wp-content/uploads/2020/03/project-3.jpg]
[smartdemowp.com/dinso/wp-content/uploads/2020/03/team-1.jpg]
[smartdemowp.com/dinso/wp-content/uploads/2020/03/team-2.jpg]
[smartdemowp.com/dinso/wp-content/uploads/2020/03/team-3.jpg]
[smartdemowp.com/dinso/wp-content/uploads/2020/03/2-11.jpg]
[smartdemowp.com/dinso/wp-content/uploads/2020/03/floor-img-2.jpg]
[smartdemowp.com/dinso/wp-content/uploads/2020/03/shutterstock_43272934-e1584255328151.jpg]
[smartdemowp.com/dinso/many-important-brands-have-given-us-their-trust/index.html]
[smartdemowp.com/dinso/wp-content/uploads/2020/03/shutterstock_161976359-e1584255295197.jpg]
[smartdemowp.com/dinso/many-important-brands-have-given-us-their-trust-3/index.html]
[smartdemowp.com/dinso/wp-content/plugins/dinso-core/dinso-addons/assets/js/addons-script5697.js]
[smartdemowp.com/dinso/wp-content/plugins/color-sds-picker/js/jQuery.style.switcher.min6eca.js]
[smartdemowp.com/dinso/wp-content/plugins/color-sds-picker/js/switcher6eca.js]
[smartdemowp.com/dinso/wp-content/plugins/contact-form-7/includes/js/scriptsbb49.js]
[smartdemowp.com/dinso/wp-content/themes/dinso/assets/js/jquery.fancybox5697.js]
[smartdemowp.com/dinso/wp-content/themes/dinso/assets/js/mixitup5697.js]
[smartdemowp.com/dinso/wp-content/themes/dinso/assets/js/appear5697.js]
[smartdemowp.com/dinso/wp-content/themes/dinso/assets/js/owl5697.js]
[smartdemowp.com/dinso/wp-content/themes/dinso/assets/js/wow5697.js]
[smartdemowp.com/dinso/wp-content/themes/dinso/assets/js/jquery-ui5697.js]
[smartdemowp.com/dinso/wp-content/themes/dinso/assets/js/scrollbar5697.js]
[smartdemowp.com/dinso/wp-content/themes/dinso/assets/js/script5697.js]
[smartdemowp.com/dinso/wp-content/themes/dinso/assets/js/script-25697.js]
[smartdemowp.com/dinso/home-2/index2c37.html]
[smartdemowp.com/dinso/wp-content/themes/dinso/assets/css/colorad0f.css]
[smartdemowp.com/dinso/wp-content/plugins/color-sds-picker/css/switcher-style5837.css]
[smartdemowp.com/dinso/wp-content/uploads/elementor/css/post-7362983.css]
[smartdemowp.com/dinso/wp-content/themes/dinso/stylead0f.css]
[smartdemowp.com/dinso/wp-content/themes/dinso/assets/css/style-2ad0f.css]
[smartdemowp.com/dinso/wp-content/themes/dinso/assets/css/responsivead0f.css]
[smartdemowp.com/dinso/wp-content/themes/dinso/assets/js/plugin5697.js]
[smartdemowp.com/dinso/wp-json/oembed/1.0/embeda8c7.json]
[smartdemowp.com/dinso/wp-json/wp/v2/pages/736.json]
[smartdemowp.com/dinso/wp-json/oembed/1.0/embedfcd9]
[smartdemowp.com/dinso/indexdd7c.html]
[smartdemowp.com/dinso/home-3/index.html]
[smartdemowp.com/dinso/wp-content/uploads/2020/03/logo-3.png]
[smartdemowp.com/dinso/wp-content/uploads/2020/03/logo-small-2.png]
[smartdemowp.com/dinso/wp-content/uploads/2020/03/image-1.jpg]
[smartdemowp.com/dinso/wp-content/uploads/2020/03/image-2.jpg]
[smartdemowp.com/dinso/wp-content/uploads/2020/03/image-3.jpg]
[smartdemowp.com/dinso/wp-content/uploads/2020/03/why2.jpg]
[smartdemowp.com/dinso/wp-content/uploads/2020/03/testi1.png]
[smartdemowp.com/dinso/wp-content/uploads/2020/03/testi2.png]
[smartdemowp.com/dinso/wp-content/uploads/2020/03/testi3.png]
[smartdemowp.com/dinso/wp-content/uploads/1.jpg]
[smartdemowp.com/dinso/wp-content/uploads/2020/03/welcome.jpg]
[smartdemowp.com/dinso/wp-content/uploads/2020/03/gallery-1.jpg]
[smartdemowp.com/dinso/wp-content/uploads/2020/03/gallery-2.jpg]
[smartdemowp.com/dinso/wp-content/uploads/2020/03/gallery-3.jpg]
[smartdemowp.com/dinso/wp-content/uploads/2020/03/gallery-4.jpg]
[smartdemowp.com/dinso/wp-content/uploads/2020/03/room-1.jpg]
[smartdemowp.com/dinso/wp-content/uploads/2020/03/room-2.jpg]
[smartdemowp.com/dinso/wp-content/uploads/2020/03/room-3.jpg]
[smartdemowp.com/dinso/wp-content/uploads/2020/03/room-5.jpg]
[smartdemowp.com/dinso/wp-content/uploads/2020/03/shutterstock_552591889-e1584255449387-570x323.jpg]
[smartdemowp.com/dinso/wp-content/uploads/2020/03/bg2.jpg]
[smartdemowp.com/dinso/wp-content/uploads/2020/03/logo-3-1.png]
[smartdemowp.com/dinso/wp-content/plugins/color-sds-picker/js/jQuery.style.switcher.min5837.js]
[smartdemowp.com/dinso/wp-content/plugins/color-sds-picker/js/switcher5837.js]
[smartdemowp.com/dinso/home-3/index5557.html]
[smartdemowp.com/dinso/wp-content/themes/dinso/assets/css/colorce40.css]
[smartdemowp.com/dinso/wp-content/plugins/color-sds-picker/css/switcher-style9b5d.css]
[smartdemowp.com/dinso/wp-content/uploads/elementor/css/post-5910adc.css]
[smartdemowp.com/dinso/wp-content/themes/dinso/stylece40.css]
[smartdemowp.com/dinso/wp-content/themes/dinso/assets/css/responsivece40.css]
[smartdemowp.com/dinso/wp-json/wp/v2/pages/591.json]
[smartdemowp.com/dinso/wp-json/oembed/1.0/embed3474.json]
[smartdemowp.com/dinso/index81db.html]
[smartdemowp.com/dinso/home-4/index.html]
[smartdemowp.com/dinso/wp-json/oembed/1.0/embed817f]
[smartdemowp.com/dinso/wp-content/uploads/about-2.jpg]
[smartdemowp.com/dinso/wp-content/uploads/2020/03/about-2.jpg]
[smartdemowp.com/dinso/wp-content/uploads/2020/03/plan.png]
[smartdemowp.com/dinso/home-4/news-detail.be.delayed]
[smartdemowp.com/dinso/wp-content/uploads/2020/03/shutterstock_552591889-e1584255449387-375x325.jpg]
[smartdemowp.com/dinso/wp-content/uploads/2020/03/shutterstock_350609716-e1584255478462-375x325.jpg]
[smartdemowp.com/dinso/wp-content/uploads/2020/03/shutterstock_259177367-375x325.jpg]
[smartdemowp.com/dinso/wp-content/plugins/color-sds-picker/js/jQuery.style.switcher.min9b5d.js]
[smartdemowp.com/dinso/many-important-brands-have-given-us-their-trust-4/index.html]
[smartdemowp.com/dinso/home-4/index5557.html]
[smartdemowp.com/dinso/wp-content/plugins/color-sds-picker/js/switcher9b5d.js]
[smartdemowp.com/dinso/wp-content/themes/dinso/assets/css/color162a.css]
[smartdemowp.com/dinso/wp-content/plugins/color-sds-picker/css/switcher-style162a.css]
[smartdemowp.com/dinso/wp-content/uploads/elementor/css/post-62104c7.css]
[smartdemowp.com/dinso/wp-content/themes/dinso/style162a.css]
[smartdemowp.com/dinso/wp-content/themes/dinso/assets/css/style-2162a.css]
[smartdemowp.com/dinso/wp-content/themes/dinso/assets/css/responsive162a.css]
[smartdemowp.com/dinso/wp-json/wp/v2/pages/621.json]
[smartdemowp.com/dinso/wp-json/oembed/1.0/embed7a45.json]
[smartdemowp.com/dinso/wp-json/oembed/1.0/embed73b5]
[smartdemowp.com/dinso/indexb022.html]
[smartdemowp.com/dinso/home-5/index.html]
[smartdemowp.com/dinso/wp-content/uploads/2020/03/logo-4.png]
[smartdemowp.com/dinso/wp-content/uploads/2020/03/logo-small-3.png]
[smartdemowp.com/dinso/wp-content/uploads/2020/03/logo-5.png]
[smartdemowp.com/dinso/wp-content/uploads/2020/03/image-4.jpg]
[smartdemowp.com/dinso/wp-content/uploads/2020/03/image-5.jpg]
[smartdemowp.com/dinso/wp-content/uploads/2020/03/image-6.jpg]
[smartdemowp.com/dinso/wp-content/uploads/2020/03/image-4-1.jpg]
[smartdemowp.com/dinso/wp-content/uploads/2020/03/bg3.jpg]
[smartdemowp.com/dinso/wp-content/uploads/image-5.jpg]
[smartdemowp.com/dinso/wp-content/uploads/2020/03/gallery-5.jpg]
[smartdemowp.com/dinso/wp-content/uploads/2020/03/gallery-6.jpg]
[smartdemowp.com/dinso/wp-content/uploads/2020/03/gallery-7.jpg]
[smartdemowp.com/dinso/wp-content/uploads/2020/03/gallery-8.jpg]
[smartdemowp.com/dinso/wp-content/uploads/2020/03/gallery-9.jpg]
[smartdemowp.com/dinso/wp-content/uploads/2020/03/gallery-10.jpg]
[smartdemowp.com/dinso/wp-content/uploads/2020/03/gallery-11.jpg]
[smartdemowp.com/dinso/wp-content/uploads/2020/03/bg4.jpg]
[smartdemowp.com/dinso/wp-content/uploads/2020/03/testi4.png]
[smartdemowp.com/dinso/wp-content/uploads/2020/03/testi5.png]
[smartdemowp.com/dinso/wp-content/uploads/2020/03/agent.png]
[smartdemowp.com/dinso/wp-content/uploads/2020/03/shutterstock_552591889-e1584255449387-570x250.jpg]
[smartdemowp.com/dinso/wp-content/uploads/2020/03/shutterstock_350609716-e1584255478462-570x250.jpg]
[smartdemowp.com/dinso/wp-content/uploads/2020/03/bg5.jpg]
[smartdemowp.com/dinso/wp-content/uploads/2020/03/client-logo-1.png]
[smartdemowp.com/dinso/wp-content/uploads/2020/03/client-logo-2.png]
[smartdemowp.com/dinso/wp-content/uploads/2020/03/client-logo-3.png]
[smartdemowp.com/dinso/wp-content/uploads/2020/03/logo-5-1.png]
[smartdemowp.com/dinso/wp-content/uploads/2020/03/shutterstock_552591889-e1584255449387-70x70.jpg]
[smartdemowp.com/dinso/wp-content/uploads/2020/03/shutterstock_350609716-e1584255478462-70x70.jpg]
[smartdemowp.com/dinso/wp-content/uploads/2020/03/shutterstock_259177367-70x70.jpg]
[smartdemowp.com/dinso/wp-content/uploads/elementor/css/post-52704c7.css]
[smartdemowp.com/dinso/wp-content/plugins/color-sds-picker/js/jQuery.style.switcher.min162a.js]
[smartdemowp.com/dinso/home-5/index7a98.html]
[smartdemowp.com/dinso/wp-content/plugins/color-sds-picker/js/switcher162a.js]
[smartdemowp.com/dinso/wp-content/plugins/color-sds-picker/css/switcher-style01af.css]
[smartdemowp.com/dinso/wp-content/uploads/elementor/css/post-6627897.css]
[smartdemowp.com/dinso/wp-content/themes/dinso/style01af.css]
[smartdemowp.com/dinso/wp-content/themes/dinso/assets/css/style-201af.css]
[smartdemowp.com/dinso/wp-content/themes/dinso/assets/css/responsive01af.css]
[smartdemowp.com/dinso/wp-json/wp/v2/pages/662.json]
[smartdemowp.com/dinso/wp-json/oembed/1.0/embed8a71.json]
[smartdemowp.com/dinso/indexfc9a.html]
[smartdemowp.com/dinso/home-6/index.html]
[smartdemowp.com/dinso/wp-json/oembed/1.0/embedda57]
[smartdemowp.com/dinso/wp-content/uploads/2020/03/bg6.jpg]
[smartdemowp.com/dinso/wp-content/uploads/2020/03/floor-plan.jpg]
[smartdemowp.com/dinso/wp-content/uploads/2020/03/bg7.jpg]
[smartdemowp.com/dinso/wp-content/uploads/2020/03/client-logo-4.png]
[smartdemowp.com/dinso/wp-content/uploads/2020/03/client-logo-5.png]
[smartdemowp.com/dinso/wp-content/uploads/2020/03/agent-2.png]
[smartdemowp.com/dinso/wp-content/plugins/color-sds-picker/js/jQuery.style.switcher.min01af.js]
[smartdemowp.com/dinso/home-6/index7a98.html]
[smartdemowp.com/dinso/wp-content/plugins/color-sds-picker/js/switcher01af.js]
[smartdemowp.com/dinso/wp-content/themes/dinso/assets/css/color61a7.css]
[smartdemowp.com/dinso/wp-content/plugins/color-sds-picker/css/switcher-style61a7.css]
[smartdemowp.com/dinso/wp-content/uploads/elementor/css/post-6826f99.css]
[smartdemowp.com/dinso/wp-content/themes/dinso/style61a7.css]
[smartdemowp.com/dinso/wp-content/themes/dinso/assets/css/style-261a7.css]
[smartdemowp.com/dinso/wp-content/themes/dinso/assets/css/responsive61a7.css]
[smartdemowp.com/dinso/wp-json/wp/v2/pages/682.json]
[smartdemowp.com/dinso/wp-json/oembed/1.0/embed5d1b.json]
[smartdemowp.com/dinso/index31fc.html]
[smartdemowp.com/dinso/wp-json/oembed/1.0/embed415b]
[smartdemowp.com/dinso/home-7/index.html]
[smartdemowp.com/dinso/wp-content/uploads/2020/03/image-1-3.jpg]
[smartdemowp.com/dinso/wp-content/uploads/2020/03/image-2-5.jpg]
[smartdemowp.com/dinso/wp-content/uploads/2020/03/gallery-13.jpg]
[smartdemowp.com/dinso/wp-content/uploads/2020/03/gallery-14.jpg]
[smartdemowp.com/dinso/wp-content/uploads/2020/03/gallery-15.jpg]
[smartdemowp.com/dinso/wp-content/uploads/2020/03/gallery-16.jpg]
[smartdemowp.com/dinso/wp-content/uploads/2020/03/gallery-17.jpg]
[smartdemowp.com/dinso/wp-content/uploads/2020/03/gallery-18.jpg]
[smartdemowp.com/dinso/wp-content/uploads/2020/03/gallery-19.jpg]
[smartdemowp.com/dinso/wp-content/uploads/2020/03/gallery-20.jpg]
[smartdemowp.com/dinso/wp-content/uploads/2020/03/property.png]
[smartdemowp.com/dinso/wp-content/plugins/color-sds-picker/js/jQuery.style.switcher.min61a7.js]
[smartdemowp.com/dinso/home-7/index7a98.html]
[smartdemowp.com/dinso/wp-content/plugins/color-sds-picker/js/switcher61a7.js]
[smartdemowp.com/dinso/wp-content/cache/min/1/aa1b28f6b9d1d1c4c6524b67ba344a42.css]
[smartdemowp.com/dinso/wp-json/wp/v2/pages/216.json]
[smartdemowp.com/dinso/wp-json/oembed/1.0/embed2896.json]
[smartdemowp.com/dinso/index4659.html]
[smartdemowp.com/dinso/wp-json/oembed/1.0/embed5cf8]
[smartdemowp.com/dinso/wp-content/uploads/2020/03/about-1.jpg]
[smartdemowp.com/dinso/wp-content/uploads/2020/03/faq-img.jpg]
[smartdemowp.com/dinso/wp-content/plugins/color-sds-picker/js/jQuery.style.switcher.min0cff.js]
[smartdemowp.com/dinso/wp-content/cache/min/1/dinso/wp-content/plugins/color-sds-picker/js/switcher-0c0356062047a30ef1e78aa08834bb50.js]
[smartdemowp.com/dinso/about-us/index.html]
[smartdemowp.com/dinso/wp-content/cache/min/1/9fcd2842b702d6bba02962f8e430589e.css]
[smartdemowp.com/dinso/wp-json/wp/v2/pages/238.json]
[smartdemowp.com/dinso/wp-json/oembed/1.0/embed764d.json]
[smartdemowp.com/dinso/index3dc6.html]
[smartdemowp.com/dinso/wp-json/oembed/1.0/embeda493]
[smartdemowp.com/dinso/wp-content/uploads/2020/03/intro-1.jpg]
[smartdemowp.com/dinso/wp-content/uploads/2020/03/intro-2.jpg]
[smartdemowp.com/dinso/wp-content/uploads/2020/03/feature-1.jpg]
[smartdemowp.com/dinso/wp-content/uploads/2020/03/feature-2.jpg]
[smartdemowp.com/dinso/wp-content/uploads/2020/03/feature-3.jpg]
[smartdemowp.com/dinso/wp-content/plugins/color-sds-picker/js/jQuery.style.switcher.mind2bc.js]
[smartdemowp.com/dinso/wp-content/cache/min/1/dinso/wp-content/plugins/color-sds-picker/js/switcher-101d6557e6c37f62dd7877eb9d327bf1.js]
[smartdemowp.com/dinso/about-property/index.html]
[smartdemowp.com/dinso/wp-content/cache/min/1/32802bbb3287b113210fcccb84c73add.css]
[smartdemowp.com/dinso/wp-json/wp/v2/pages/251.json]
[smartdemowp.com/dinso/wp-json/oembed/1.0/embed72b2.json]
[smartdemowp.com/dinso/indexd6e1.html]
[smartdemowp.com/dinso/wp-json/oembed/1.0/embed0c68]
[smartdemowp.com/dinso/wp-content/uploads/2020/03/team-4.jpg]
[smartdemowp.com/dinso/wp-content/plugins/color-sds-picker/js/jQuery.style.switcher.min3f8c.js]
[smartdemowp.com/dinso/wp-content/cache/min/1/dinso/wp-content/plugins/color-sds-picker/js/switcher-4a3e3a3815fe8944d6e7645f81eceaf7.js]
[smartdemowp.com/dinso/team/index.html]
[smartdemowp.com/dinso/wp-content/cache/min/1/996498277bf9e238bf737180705ed87f.css]
[smartdemowp.com/dinso/wp-json/wp/v2/pages/257.json]
[smartdemowp.com/dinso/wp-json/oembed/1.0/embed74a4.json]
[smartdemowp.com/dinso/index548d.html]
[smartdemowp.com/dinso/wp-json/oembed/1.0/embedafbe]
[smartdemowp.com/dinso/wp-content/uploads/2020/03/2-2.jpg]
[smartdemowp.com/dinso/wp-content/uploads/2020/03/2-4.jpg]
[smartdemowp.com/dinso/wp-content/uploads/2020/03/2-7.jpg]
[smartdemowp.com/dinso/wp-content/uploads/2020/03/2-6.jpg]
[smartdemowp.com/dinso/wp-content/uploads/2020/03/2-8.jpg]
[smartdemowp.com/dinso/wp-content/uploads/2020/03/2-5.jpg]
[smartdemowp.com/dinso/wp-content/uploads/2020/03/2-9.jpg]
[smartdemowp.com/dinso/wp-content/uploads/2020/03/2-3.jpg]
[smartdemowp.com/dinso/wp-content/plugins/color-sds-picker/js/jQuery.style.switcher.min37ae.js]
[smartdemowp.com/dinso/wp-content/cache/min/1/dinso/wp-content/plugins/color-sds-picker/js/switcher-9d5b0b040131e1d514c88d113f727370.js]
[smartdemowp.com/dinso/gallery/index.html]
[smartdemowp.com/dinso/wp-content/cache/min/1/6880dd40d9cdd1de64e1fee32c97b731.css]
[smartdemowp.com/dinso/wp-json/wp/v2/pages/274.json]
[smartdemowp.com/dinso/wp-json/oembed/1.0/embed9820.json]
[smartdemowp.com/dinso/indexd251.html]
[smartdemowp.com/dinso/wp-json/oembed/1.0/embed758a]
[smartdemowp.com/dinso/wp-content/uploads/2020/03/apartment-9.jpg]
[smartdemowp.com/dinso/wp-content/uploads/2020/03/apartment-8.jpg]
[smartdemowp.com/dinso/apartments/sea-view-apartment-2/index.html]
[smartdemowp.com/dinso/wp-content/uploads/2020/03/apartment-7.jpg]
[smartdemowp.com/dinso/apartments/deluxe-apartment-2/index.html]
[smartdemowp.com/dinso/wp-content/uploads/2020/03/apartment-6.jpg]
[smartdemowp.com/dinso/apartments/one-room-apartment-2/index.html]
[smartdemowp.com/dinso/wp-content/uploads/2020/03/apartment-5.jpg]
[smartdemowp.com/dinso/apartments/luxury-apartment-2/index.html]
[smartdemowp.com/dinso/wp-content/uploads/2020/03/apartment-4.jpg]
[smartdemowp.com/dinso/apartments/sea-view-apartment/index.html]
[smartdemowp.com/dinso/wp-content/uploads/2020/03/apartment-3.jpg]
[smartdemowp.com/dinso/apartments/deluxe-apartment/index.html]
[smartdemowp.com/dinso/wp-content/uploads/2020/03/apartment-2.jpg]
[smartdemowp.com/dinso/apartments/one-room-apartment/index.html]
[smartdemowp.com/dinso/wp-content/uploads/2020/03/apartment-1.jpg]
[smartdemowp.com/dinso/apartments/luxury-apartment/index.html]
[smartdemowp.com/dinso/wp-content/plugins/color-sds-picker/js/jQuery.style.switcher.min696c.js]
[smartdemowp.com/dinso/wp-content/cache/min/1/dinso/wp-content/plugins/color-sds-picker/js/switcher-d1c1b89878d12ecf68298010805b6e8d.js]
[smartdemowp.com/dinso/apartments/index.html]
[smartdemowp.com/dinso/wp-content/cache/min/1/72b8c040f025fec489e0ef01a591a0bd.css]
[smartdemowp.com/dinso/wp-json/oembed/1.0/embed5660.json]
[smartdemowp.com/dinso/index6905.html]
[smartdemowp.com/dinso/wp-json/oembed/1.0/embed5a53]
[smartdemowp.com/dinso/wp-content/uploads/2020/03/apartment-single.jpg]
[smartdemowp.com/dinso/wp-content/plugins/color-sds-picker/js/jQuery.style.switcher.min7c4d.js]
[smartdemowp.com/dinso/wp-content/cache/min/1/dinso/wp-content/plugins/color-sds-picker/js/switcher-1a39d702f30f2fc26c35331531e94c77.js]
[smartdemowp.com/dinso/apartments/one-room-apartment-3/index.html]
[smartdemowp.com/dinso/wp-content/uploads/2020/03/shutterstock_259177367.jpg]
[smartdemowp.com/dinso/wp-content/cache/min/1/819225648cbf4e4596e191348d464bf2.css]
[smartdemowp.com/dinso/wp-content/plugins/color-sds-picker/js/jQuery.style.switcher.min8cff.js]
[smartdemowp.com/dinso/wp-content/cache/min/1/dinso/wp-content/plugins/color-sds-picker/js/switcher-07905017da7903ba16a36c1413659364.js]
[smartdemowp.com/dinso/news/index.html]
[smartdemowp.com/dinso/wp-content/cache/min/1/7e267feb9cecbbe6c6538709621b31f6.css]
[smartdemowp.com/dinso/many-important-brands-have-given-us-their-trust-1/feed/index.html]
[smartdemowp.com/dinso/wp-json/wp/v2/posts/325.json]
[smartdemowp.com/dinso/wp-json/oembed/1.0/embed8f9a.json]
[smartdemowp.com/dinso/indexf175.html]
[smartdemowp.com/dinso/wp-json/oembed/1.0/embed78e5]
[smartdemowp.com/dinso/xmlrpc.php]
[smartdemowp.com/dinso/wp-content/uploads/2020/03/shutterstock_552591889-e1584255449387-60x63.jpg]
[smartdemowp.com/dinso/wp-content/uploads/2020/03/shutterstock_350609716-e1584255478462-60x63.jpg]
[smartdemowp.com/dinso/wp-content/uploads/2020/03/shutterstock_259177367-60x63.jpg]
[smartdemowp.com/dinso/wp-content/plugins/color-sds-picker/js/jQuery.style.switcher.min192e.js]
[smartdemowp.com/dinso/tag/appartment/index.html]
[smartdemowp.com/dinso/wp-content/cache/min/1/dinso/wp-content/plugins/color-sds-picker/js/switcher-a829d405e46f5f0fa26bc9e7dc5d690b.js]
[smartdemowp.com/dinso/tag/buildings/index.html]
[smartdemowp.com/dinso/category/dream-villa/index.html]
[smartdemowp.com/dinso/tag/home/index.html]
[smartdemowp.com/dinso/wp-includes/js/comment-reply.min5697.js]
[smartdemowp.com/dinso/many-important-brands-have-given-us-their-trust-1/index.html]
[smartdemowp.com/dinso/tag/luxury/index.html]
[smartdemowp.com/dinso/tag/property/index.html]
[smartdemowp.com/dinso/tag/villa/index.html]
[smartdemowp.com/dinso/wp-content/cache/min/1/90d0a2b825921a0b302a8a2bf7cc435d.css]
[smartdemowp.com/dinso/category/luxury-house/index.html]
[smartdemowp.com/dinso/category/property/index.html]
[smartdemowp.com/dinso/category/appartments/index.html]
[smartdemowp.com/dinso/wp-json/wp/v2/posts/368.json]
[smartdemowp.com/dinso/category/buildings/index.html]
[smartdemowp.com/dinso/many-important-brands-have-given-us-their-trust-6/feed/index.html]
[smartdemowp.com/dinso/wp-json/oembed/1.0/embed21e0.json]
[smartdemowp.com/dinso/index5ee4.html]
[smartdemowp.com/dinso/wp-json/oembed/1.0/embed5cbe]
[smartdemowp.com/dinso/wp-content/plugins/color-sds-picker/js/jQuery.style.switcher.minbaa8.js]
[smartdemowp.com/dinso/wp-content/cache/min/1/dinso/wp-content/plugins/color-sds-picker/js/switcher-5219a3202796b27755ea123888e15660.js]
[smartdemowp.com/dinso/many-important-brands-have-given-us-their-trust-6/index.html]
[smartdemowp.com/dinso/many-important-brands-have-given-us-their-trust-6/index6809.html]
[smartdemowp.com/dinso/wp-content/cache/min/1/791d45efafe4f8bd57a42d5da96e9af6.css]
[smartdemowp.com/dinso/author/admin/feed/index.html]
[smartdemowp.com/dinso/wp-json/wp/v2/users/1.json]
[smartdemowp.com/dinso/wp-content/plugins/color-sds-picker/js/jQuery.style.switcher.min1fb9.js]
[smartdemowp.com/dinso/wp-content/cache/min/1/dinso/wp-content/plugins/color-sds-picker/js/switcher-506aed78c590d1601f95a24a28f43603.js]
[smartdemowp.com/dinso/author/admin/index.html]
[smartdemowp.com/dinso/wp-content/cache/min/1/1332ecede11f2b6ff9fc9bf5962f5e9b.css]
[smartdemowp.com/dinso/many-important-brands-have-given-us-their-trust-5/feed/index.html]
[smartdemowp.com/dinso/wp-json/wp/v2/posts/366.json]
[smartdemowp.com/dinso/wp-json/oembed/1.0/embed4d8d.json]
[smartdemowp.com/dinso/index7aa0.html]
[smartdemowp.com/dinso/wp-json/oembed/1.0/embedd01c]
[smartdemowp.com/dinso/wp-content/plugins/color-sds-picker/js/jQuery.style.switcher.min31fc.js]
[smartdemowp.com/dinso/wp-content/cache/min/1/dinso/wp-content/plugins/color-sds-picker/js/switcher-a1751460060effd1ee5ba4decb9ac584.js]
[smartdemowp.com/dinso/many-important-brands-have-given-us-their-trust-5/index.html]
[smartdemowp.com/dinso/wp-content/plugins/elementor/assets/lib/eicons/fonts/eiconsc2cd.svg]
[smartdemowp.com/dinso/wp-content/themes/dinso/assets/fonts/fa-brands-400.eot]
[smartdemowp.com/dinso/wp-content/themes/dinso/assets/fonts/fa-brands-400d41d.eot]
[smartdemowp.com/dinso/wp-content/themes/dinso/assets/fonts/fa-brands-400.woff2]
[smartdemowp.com/dinso/many-important-brands-have-given-us-their-trust-5/index0e22.html]
[smartdemowp.com/dinso/wp-content/themes/dinso/assets/fonts/fa-brands-400.woff]
[smartdemowp.com/dinso/wp-content/themes/dinso/assets/fonts/fa-brands-400.ttf]
[smartdemowp.com/dinso/wp-content/themes/dinso/assets/fonts/fa-brands-400.svg]
[smartdemowp.com/dinso/wp-content/themes/dinso/assets/fonts/fa-regular-400d41d.eot]
[smartdemowp.com/dinso/wp-content/themes/dinso/assets/fonts/fa-regular-400.woff2]
[smartdemowp.com/dinso/wp-content/themes/dinso/assets/fonts/fa-regular-400.woff]
[smartdemowp.com/dinso/wp-content/themes/dinso/assets/fonts/fa-regular-400.ttf]
[smartdemowp.com/dinso/wp-content/themes/dinso/assets/fonts/fa-regular-400.svg]
[smartdemowp.com/dinso/wp-content/themes/dinso/assets/fonts/fa-solid-900.eot]
[smartdemowp.com/dinso/wp-content/themes/dinso/assets/fonts/fa-solid-900d41d.eot]
[smartdemowp.com/dinso/wp-content/themes/dinso/assets/fonts/fa-solid-900.woff2]
[smartdemowp.com/dinso/wp-content/themes/dinso/assets/fonts/fa-solid-900.woff]
[smartdemowp.com/dinso/wp-content/themes/dinso/assets/fonts/fa-solid-900.svg]
[smartdemowp.com/dinso/wp-content/themes/dinso/assets/fonts/Flaticon.eot]
[smartdemowp.com/dinso/wp-content/themes/dinso/assets/fonts/Flaticon.woff2]
[smartdemowp.com/dinso/wp-content/themes/dinso/assets/fonts/Flaticon.woff]
[smartdemowp.com/dinso/wp-content/themes/dinso/assets/fonts/Flaticon.ttf]
[smartdemowp.com/dinso/wp-content/themes/dinso/assets/fonts/Flaticon.svg]
[smartdemowp.com/dinso/wp-content/themes/dinso/assets/css/owl.video.play.195.delayed]
[smartdemowp.com/dinso/wp-content/themes/dinso/assets/css/mCSB_buttons.html]
[smartdemowp.com/dinso/wp-content/cache/min/1/b24d4d02de9a582057420f0ae84dbdc5.css]
[smartdemowp.com/dinso/wp-content/plugins/color-sds-picker/css/color/theme-color2bb8.css]
[smartdemowp.com/dinso/indexa8da.html]
[smartdemowp.com/dinso/wp-includes/css/dist/block-library/style.min5697.css]
[smartdemowp.com/dinso/wp-content/themes/dinso/assets/css/color5837.css]
[smartdemowp.com/dinso/wp-content/plugins/color-sds-picker/css/color/theme-color6eca.css]
[smartdemowp.com/dinso/wp-content/plugins/color-sds-picker/css/switcher-style6eca.css]
[smartdemowp.com/dinso/wp-content/plugins/contact-form-7/includes/css/stylesbb49.css]
[smartdemowp.com/dinso/wp-content/plugins/elementor/assets/lib/eicons/css/elementor-icons.min74e5.css]
[smartdemowp.com/dinso/wp-content/plugins/elementor/assets/lib/animations/animations.minb1df.css]
[smartdemowp.com/dinso/wp-content/plugins/elementor/assets/css/frontend-legacy.minb1df.css]
[smartdemowp.com/dinso/wp-content/plugins/elementor/assets/css/frontend.minb1df.css]
[smartdemowp.com/dinso/wp-content/uploads/elementor/css/post-4987979.css]
[smartdemowp.com/dinso/wp-content/uploads/elementor/css/global7979.css]
[smartdemowp.com/dinso/wp-content/uploads/elementor/css/post-190f216.css]
[smartdemowp.com/dinso/wp-content/themes/dinso/assets/css/bootstrap68b3.css]
[smartdemowp.com/dinso/wp-content/themes/dinso/assets/css/fontawesome-all68b3.css]
[smartdemowp.com/dinso/wp-content/themes/dinso/assets/css/animate68b3.css]
[smartdemowp.com/dinso/wp-content/themes/dinso/assets/css/flaticon68b3.css]
[smartdemowp.com/dinso/wp-content/themes/dinso/assets/css/owl68b3.css]
[smartdemowp.com/dinso/wp-content/themes/dinso/assets/css/jquery.fancybox.min68b3.css]
[smartdemowp.com/dinso/wp-content/themes/dinso/assets/css/scrollbar68b3.css]
[smartdemowp.com/dinso/wp-content/themes/dinso/assets/css/theme-default/animate-css68b3.css]
[smartdemowp.com/dinso/wp-content/themes/dinso/assets/images/icons/preloader.svg]
[smartdemowp.com/dinso/wp-content/cache/min/1/dinso/wp-content/plugins/color-sds-picker/js/switcher-9a930a47a5d9661f72b67f5045e55d55.js]
[smartdemowp.com/dinso/wp-content/themes/dinso/assets/images/icons/pattern-1.jpg]
[smartdemowp.com/dinso/wp-content/themes/dinso/assets/images/icons/pattern-2.jpg]
[smartdemowp.com/dinso/wp-content/themes/dinso/style5837.css]
[smartdemowp.com/dinso/wp-content/themes/dinso/assets/css/theme-default/theme-default68b3.css]
[smartdemowp.com/dinso/wp-content/themes/dinso/assets/css/images/ui-icons_444444_256x240.png]
[smartdemowp.com/dinso/wp-content/themes/dinso/assets/css/images/ui-icons_555555_256x240.png]
[smartdemowp.com/dinso/wp-content/themes/dinso/assets/css/images/ui-icons_cc0000_256x240.19d.delayed]
[smartdemowp.com/dinso/wp-content/themes/dinso/assets/css/jquery-ui68b3.css]
[smartdemowp.com/dinso/wp-content/themes/dinso/assets/css/plugin68b3.css]
[smartdemowp.com/dinso/wp-content/themes/dinso/assets/images/icons/icon-select.png]
[smartdemowp.com/dinso/wp-content/themes/dinso/assets/images/sec-title-dec.png]
[smartdemowp.com/dinso/wp-content/themes/dinso/assets/images-2/resource/curve-image.png]
[smartdemowp.com/dinso/wp-content/themes/dinso/assets/css/style-25837.css]
[smartdemowp.com/dinso/wp-content/themes/dinso/assets/css/responsive5837.css]
[smartdemowp.com/dinso/wp-content/plugins/dinso-core/dinso-addons/fonts/Flaticon.eot]
[smartdemowp.com/dinso/wp-content/plugins/dinso-core/dinso-addons/fonts/Flaticon.woff2]
[smartdemowp.com/dinso/wp-content/plugins/dinso-core/dinso-addons/fonts/Flaticon.woff]
[smartdemowp.com/dinso/wp-content/plugins/dinso-core/dinso-addons/fonts/Flaticon.ttf]
[smartdemowp.com/dinso/wp-content/plugins/dinso-core/dinso-addons/fonts/Flaticon.svg]
[smartdemowp.com/dinso/wp-content/plugins/dinso-core/dinso-addons/icon/stylead76.css]
[smartdemowp.com/dinso/wp-content/cache/min/1/856e0cb1cb41ab409c347e442ee93c32.css]
[smartdemowp.com/dinso/wp-content/plugins/color-sds-picker/js/jQuery.style.switcher.mine5de.js]
[smartdemowp.com/dinso/home-2/index.html]
[smartdemowp.com/dinso/wp-content/cache/min/1/dinso/wp-content/plugins/color-sds-picker/js/switcher-18384ea7a5e90a947a203d1206c7affe.js]
[smartdemowp.com/dinso/index261b.html]
[smartdemowp.com/dinso/wp-content/uploads/2020/03/about-img-3.jpg]
[smartdemowp.com/dinso/wp-content/cache/min/1/ecf2f19e4f8bfcf50a21460b05b315e4.css]
[smartdemowp.com/dinso/many-important-brands-have-given-us-their-trust/feed/index.html]
[smartdemowp.com/dinso/wp-json/wp/v2/posts/323.json]
[smartdemowp.com/dinso/wp-json/oembed/1.0/embed69aa.json]
[smartdemowp.com/dinso/index3cee.html]
[smartdemowp.com/dinso/wp-json/oembed/1.0/embed4575]
[smartdemowp.com/dinso/wp-content/plugins/color-sds-picker/js/jQuery.style.switcher.min500e.js]
[smartdemowp.com/dinso/many-important-brands-have-given-us-their-trust/index.html]
[smartdemowp.com/dinso/wp-content/cache/min/1/dinso/wp-content/plugins/color-sds-picker/js/switcher-b8a4410195fccf15efba62bca77ad6a3.js]
[smartdemowp.com/dinso/wp-content/cache/min/1/db86a58bd17ebe7269aa5d62d9d7980e.css]
[smartdemowp.com/dinso/many-important-brands-have-given-us-their-trust-3/feed/index.html]
[smartdemowp.com/dinso/wp-json/wp/v2/posts/336.json]
[smartdemowp.com/dinso/wp-json/oembed/1.0/embed5c39.json]
[smartdemowp.com/dinso/index71fc.html]
[smartdemowp.com/dinso/wp-json/oembed/1.0/embed09de]
[smartdemowp.com/dinso/wp-content/plugins/color-sds-picker/js/jQuery.style.switcher.min0ae0.js]
[smartdemowp.com/dinso/wp-content/cache/min/1/dinso/wp-content/plugins/color-sds-picker/js/switcher-ebd8562a1b4f9cbd1ae5505265840545.js]
[smartdemowp.com/dinso/many-important-brands-have-given-us-their-trust-3/index.html]
[smartdemowp.com/dinso/wp-content/themes/dinso/assets/css/colorad0f.css]
[smartdemowp.com/dinso/wp-content/plugins/color-sds-picker/css/color/theme-color5837.css]
[smartdemowp.com/dinso/wp-content/plugins/color-sds-picker/css/switcher-style5837.css]
[smartdemowp.com/dinso/wp-content/uploads/elementor/css/post-7362983.css]
[smartdemowp.com/dinso/wp-content/themes/dinso/stylead0f.css]
[smartdemowp.com/dinso/wp-content/themes/dinso/assets/css/style-2ad0f.css]
[smartdemowp.com/dinso/wp-content/themes/dinso/assets/css/responsivead0f.css]
[smartdemowp.com/dinso/wp-content/cache/min/1/a888239f7011fcce28e3ae2cb279675f.css]
[smartdemowp.com/dinso/wp-content/plugins/color-sds-picker/js/jQuery.style.switcher.min9903.js]
[smartdemowp.com/dinso/wp-content/cache/min/1/dinso/wp-content/plugins/color-sds-picker/js/switcher-e7dd90e46bb30d6b85a9509e9adc6a69.js]
[smartdemowp.com/dinso/home-3/index.html]
[smartdemowp.com/dinso/indexdd7c.html]
[smartdemowp.com/dinso/wp-content/uploads/2020/03/room-4.jpg]
[smartdemowp.com/dinso/wp-content/uploads/2020/03/shutterstock_350609716-e1584255478462-570x323.jpg]
[smartdemowp.com/dinso/wp-content/themes/dinso/assets/css/colorce40.css]
[smartdemowp.com/dinso/wp-content/plugins/color-sds-picker/css/color/theme-color9b5d.css]
[smartdemowp.com/dinso/wp-content/plugins/color-sds-picker/css/switcher-style9b5d.css]
[smartdemowp.com/dinso/wp-content/uploads/elementor/css/post-5910adc.css]
[smartdemowp.com/dinso/wp-content/themes/dinso/stylece40.css]
[smartdemowp.com/dinso/wp-content/themes/dinso/assets/css/style-2ce40.css]
[smartdemowp.com/dinso/wp-content/themes/dinso/assets/css/responsivece40.css]
[smartdemowp.com/dinso/wp-content/cache/min/1/e4f16d0fb8d86085ae20b00581cad45d.css]
[smartdemowp.com/dinso/wp-content/plugins/color-sds-picker/js/jQuery.style.switcher.min5a58.js]
[smartdemowp.com/dinso/wp-content/cache/min/1/dinso/wp-content/plugins/color-sds-picker/js/switcher-94f4143a33b8596f91293e19cec47e26.js]
[smartdemowp.com/dinso/home-4/index.html]
[smartdemowp.com/dinso/index81db.html]
[smartdemowp.com/dinso/home-4/news-detail.html]
[smartdemowp.com/dinso/wp-content/cache/min/1/af729ea5e0e3a9e60581357ce45249b7.css]
[smartdemowp.com/dinso/many-important-brands-have-given-us-their-trust-4/feed/index.html]
[smartdemowp.com/dinso/wp-json/wp/v2/posts/364.json]
[smartdemowp.com/dinso/wp-json/oembed/1.0/embedc720.json]
[smartdemowp.com/dinso/index0364.html]
[smartdemowp.com/dinso/wp-json/oembed/1.0/embeddc54]
[smartdemowp.com/dinso/wp-content/plugins/color-sds-picker/js/jQuery.style.switcher.min6aa0.js]
[smartdemowp.com/dinso/wp-content/cache/min/1/dinso/wp-content/plugins/color-sds-picker/js/switcher-9c866b669ce9b26eda31afc4f3e14a61.js]
[smartdemowp.com/dinso/many-important-brands-have-given-us-their-trust-4/index.html]
[smartdemowp.com/dinso/wp-content/themes/dinso/assets/css/color162a.css]
[smartdemowp.com/dinso/wp-content/plugins/color-sds-picker/css/color/theme-color162a.css]
[smartdemowp.com/dinso/wp-content/plugins/color-sds-picker/css/switcher-style162a.css]
[smartdemowp.com/dinso/wp-content/uploads/2020/03/curve-image-1.png]
[smartdemowp.com/dinso/wp-content/uploads/elementor/css/post-62104c7.css]
[smartdemowp.com/dinso/wp-content/themes/dinso/style162a.css]
[smartdemowp.com/dinso/wp-content/themes/dinso/assets/css/style-2162a.css]
[smartdemowp.com/dinso/wp-content/themes/dinso/assets/css/responsive162a.css]
[smartdemowp.com/dinso/wp-content/cache/min/1/d7085aa3062d888d09afb83cff3443d7.css]
[smartdemowp.com/dinso/wp-content/plugins/color-sds-picker/js/jQuery.style.switcher.min4db1.js]
[smartdemowp.com/dinso/wp-content/cache/min/1/dinso/wp-content/plugins/color-sds-picker/js/switcher-1a4d32b3e6bff99570d18f59f86789ab.js]
[smartdemowp.com/dinso/home-5/index.html]
[smartdemowp.com/dinso/indexb022.html]
[smartdemowp.com/dinso/wp-content/uploads/elementor/css/post-52704c7.css]
[smartdemowp.com/dinso/wp-content/plugins/color-sds-picker/css/color/theme-color01af.css]
[smartdemowp.com/dinso/wp-content/plugins/color-sds-picker/css/switcher-style01af.css]
[smartdemowp.com/dinso/wp-content/uploads/elementor/css/post-6627897.css]
[smartdemowp.com/dinso/wp-content/themes/dinso/style01af.css]
[smartdemowp.com/dinso/wp-content/themes/dinso/assets/css/style-201af.css]
[smartdemowp.com/dinso/wp-content/themes/dinso/assets/css/responsive01af.css]
[smartdemowp.com/dinso/wp-content/themes/dinso/assets/css/color01af.css]
[smartdemowp.com/dinso/wp-content/cache/min/1/c63ac0636665ad431b845eb16cfdd4d1.css]
[smartdemowp.com/dinso/wp-content/plugins/color-sds-picker/js/jQuery.style.switcher.min6149.js]
[smartdemowp.com/dinso/wp-content/cache/min/1/dinso/wp-content/plugins/color-sds-picker/js/switcher-dbc4cd6c2fc4e49bc6a34070428c375d.js]
[smartdemowp.com/dinso/home-6/index.html]
[smartdemowp.com/dinso/indexfc9a.html]
[smartdemowp.com/dinso/wp-content/themes/dinso/assets/css/color61a7.css]
[smartdemowp.com/dinso/wp-content/plugins/color-sds-picker/css/color/theme-color61a7.css]
[smartdemowp.com/dinso/wp-content/plugins/color-sds-picker/css/switcher-style61a7.css]
[smartdemowp.com/dinso/wp-content/uploads/elementor/css/post-6826f99.css]
[smartdemowp.com/dinso/wp-content/themes/dinso/style61a7.css]
[smartdemowp.com/dinso/wp-content/themes/dinso/assets/css/style-261a7.css]
[smartdemowp.com/dinso/wp-content/themes/dinso/assets/css/responsive61a7.css]
[smartdemowp.com/dinso/wp-content/cache/min/1/4dff039cce8818cef1d1c67f0d3285db.css]
[smartdemowp.com/dinso/wp-content/plugins/color-sds-picker/js/jQuery.style.switcher.min8868.js]
[smartdemowp.com/dinso/wp-content/cache/min/1/dinso/wp-content/plugins/color-sds-picker/js/switcher-c03ecf1cf60849fa662fd8de81bde777.js]
[smartdemowp.com/dinso/home-7/index.html]
[smartdemowp.com/dinso/index31fc.html]
[smartdemowp.com/dinso/wp-content/cache/min/1/aa1b28f6b9d1d1c4c6524b67ba344a42.css]
[smartdemowp.com/dinso/wp-content/plugins/color-sds-picker/css/color/theme-color0cff.css]
[smartdemowp.com/dinso/index4659.html]
[smartdemowp.com/dinso/wp-content/cache/min/1/9fcd2842b702d6bba02962f8e430589e.css]
[smartdemowp.com/dinso/wp-content/plugins/color-sds-picker/css/color/theme-colord2bc.css]
[smartdemowp.com/dinso/index3dc6.html]
[smartdemowp.com/dinso/wp-content/cache/min/1/32802bbb3287b113210fcccb84c73add.css]
[smartdemowp.com/dinso/wp-content/plugins/color-sds-picker/css/color/theme-color3f8c.css]
[smartdemowp.com/dinso/indexd6e1.html]
[smartdemowp.com/dinso/wp-content/cache/min/1/996498277bf9e238bf737180705ed87f.css]
[smartdemowp.com/dinso/wp-content/plugins/color-sds-picker/css/color/theme-color37ae.css]
[smartdemowp.com/dinso/index548d.html]
[smartdemowp.com/dinso/wp-content/cache/min/1/6880dd40d9cdd1de64e1fee32c97b731.css]
[smartdemowp.com/dinso/wp-content/plugins/color-sds-picker/css/color/theme-color696c.css]
[smartdemowp.com/dinso/indexd251.html]
[smartdemowp.com/dinso/wp-content/cache/min/1/598263a88bfe1b1a6e34b19cb4a83efa.css]
[smartdemowp.com/dinso/wp-json/oembed/1.0/embed1c52.json]
[smartdemowp.com/dinso/index802e.html]
[smartdemowp.com/dinso/wp-json/oembed/1.0/embed59a7]
[smartdemowp.com/dinso/wp-content/plugins/color-sds-picker/js/jQuery.style.switcher.minb97b.js]
[smartdemowp.com/dinso/wp-content/cache/min/1/dinso/wp-content/plugins/color-sds-picker/js/switcher-cb83b39cfe39f3d9a0fa8676483f96c1.js]
[smartdemowp.com/dinso/apartments/sea-view-apartment-2/index.html]
[smartdemowp.com/dinso/wp-content/cache/min/1/ea24817150715d12c7088b73410bfd30.css]
[smartdemowp.com/dinso/wp-json/oembed/1.0/embedebb9.json]
[smartdemowp.com/dinso/wp-json/oembed/1.0/embeda505]
[smartdemowp.com/dinso/wp-content/plugins/color-sds-picker/js/jQuery.style.switcher.min35f2.js]
[smartdemowp.com/dinso/index0dc6.html]
[smartdemowp.com/dinso/wp-content/cache/min/1/dinso/wp-content/plugins/color-sds-picker/js/switcher-a41dcb4d5a1ab9d49638a2ec3272231b.js]
[smartdemowp.com/dinso/apartments/deluxe-apartment-2/index.html]
[smartdemowp.com/dinso/wp-content/cache/min/1/563a96f533e62fbb60f0669961e4d077.css]
[smartdemowp.com/dinso/wp-json/oembed/1.0/embed947a.json]
[smartdemowp.com/dinso/indexe8d3.html]
[smartdemowp.com/dinso/wp-json/oembed/1.0/embed92ec]
[smartdemowp.com/dinso/wp-content/plugins/color-sds-picker/js/jQuery.style.switcher.min4e09.js]
[smartdemowp.com/dinso/wp-content/cache/min/1/dinso/wp-content/plugins/color-sds-picker/js/switcher-5553e202aa1cd4fe5f1c780b5605df69.js]
[smartdemowp.com/dinso/apartments/one-room-apartment-2/index.html]
[smartdemowp.com/dinso/wp-content/cache/min/1/f906af3ccdd4805a233032495acfc9bd.css]
[smartdemowp.com/dinso/wp-json/oembed/1.0/embedb35a.json]
[smartdemowp.com/dinso/index264a.html]
[smartdemowp.com/dinso/wp-json/oembed/1.0/embed270c]
[smartdemowp.com/dinso/wp-content/plugins/color-sds-picker/js/jQuery.style.switcher.minc793.js]
[smartdemowp.com/dinso/wp-content/cache/min/1/dinso/wp-content/plugins/color-sds-picker/js/switcher-500ddf02025cd381c0e49555e4bb8650.js]
[smartdemowp.com/dinso/apartments/luxury-apartment-2/index.html]
[smartdemowp.com/dinso/wp-content/cache/min/1/b04caf85397f37415f77993cb97c2586.css]
[smartdemowp.com/dinso/wp-json/oembed/1.0/embed6918.json]
[smartdemowp.com/dinso/indexcde3.html]
[smartdemowp.com/dinso/wp-json/oembed/1.0/embed526d]
[smartdemowp.com/dinso/wp-content/plugins/color-sds-picker/js/jQuery.style.switcher.minb83f.js]
[smartdemowp.com/dinso/wp-content/cache/min/1/dinso/wp-content/plugins/color-sds-picker/js/switcher-acd77a260ab0a787a04276e39a1f76a6.js]
[smartdemowp.com/dinso/apartments/sea-view-apartment/index.html]
[smartdemowp.com/dinso/wp-content/cache/min/1/bcbd2edbd3d13737d6887dbb8bd01f7e.css]
[smartdemowp.com/dinso/wp-json/oembed/1.0/embeda9d0.json]
[smartdemowp.com/dinso/index5295.html]
[smartdemowp.com/dinso/wp-json/oembed/1.0/embedc17b]
[smartdemowp.com/dinso/wp-content/plugins/color-sds-picker/js/jQuery.style.switcher.min1386.js]
[smartdemowp.com/dinso/wp-content/cache/min/1/dinso/wp-content/plugins/color-sds-picker/js/switcher-48ee81b3393550f936fa01f1e11d5ab4.js]
[smartdemowp.com/dinso/apartments/deluxe-apartment/index.html]
[smartdemowp.com/dinso/wp-content/cache/min/1/b642f56234adb6f9423bdd0439873aa0.css]
[smartdemowp.com/dinso/wp-json/oembed/1.0/embedc5e1.json]
[smartdemowp.com/dinso/indexc524.html]
[smartdemowp.com/dinso/wp-json/oembed/1.0/embedd0e9]
[smartdemowp.com/dinso/wp-content/plugins/color-sds-picker/js/jQuery.style.switcher.mina4d2.js]
[smartdemowp.com/dinso/wp-content/cache/min/1/dinso/wp-content/plugins/color-sds-picker/js/switcher-0576d6ad44f9a9a33c1ce619d340942d.js]
[smartdemowp.com/dinso/apartments/one-room-apartment/index.html]
[smartdemowp.com/dinso/wp-content/cache/min/1/7d10d94af517826f70a0998542b4c70c.css]
[smartdemowp.com/dinso/wp-json/oembed/1.0/embed1538.json]
[smartdemowp.com/dinso/index6543.html]
[smartdemowp.com/dinso/wp-json/oembed/1.0/embed2c06]
[smartdemowp.com/dinso/wp-content/plugins/color-sds-picker/js/jQuery.style.switcher.min8f16.js]
[smartdemowp.com/dinso/wp-content/cache/min/1/dinso/wp-content/plugins/color-sds-picker/js/switcher-40679fcc3d8207224378052041121a41.js]
[smartdemowp.com/dinso/apartments/luxury-apartment/index.html]
[smartdemowp.com/dinso/wp-content/cache/min/1/72b8c040f025fec489e0ef01a591a0bd.css]
[smartdemowp.com/dinso/wp-content/plugins/color-sds-picker/css/color/theme-color7c4d.css]
[smartdemowp.com/dinso/index6905.html]
[smartdemowp.com/dinso/wp-content/cache/min/1/819225648cbf4e4596e191348d464bf2.css]
[smartdemowp.com/dinso/wp-content/plugins/color-sds-picker/css/color/theme-color8cff.css]
[smartdemowp.com/dinso/wp-content/cache/min/1/7e267feb9cecbbe6c6538709621b31f6.css]
[smartdemowp.com/dinso/wp-content/plugins/color-sds-picker/css/color/theme-color192e.css]
[smartdemowp.com/dinso/indexf175.html]
[smartdemowp.com/dinso/xmlrpc.php]
[smartdemowp.com/dinso/wp-content/cache/min/1/95b20efb3f66713686c63eb3e791591a.css]
[smartdemowp.com/dinso/category/dream-villa/feed/index.html]
[smartdemowp.com/dinso/wp-json/wp/v2/categories/12.json]
[smartdemowp.com/dinso/wp-content/plugins/color-sds-picker/js/jQuery.style.switcher.min81bd.js]
[smartdemowp.com/dinso/wp-content/cache/min/1/dinso/wp-content/plugins/color-sds-picker/js/switcher-cb7cc598313d6b8061a132c61efb95c8.js]
[smartdemowp.com/dinso/category/dream-villa/index.html]
[smartdemowp.com/dinso/wp-content/cache/min/1/6611014599ea9b4bb882021ac0d73822.css]
[smartdemowp.com/dinso/tag/appartment/feed/index.html]
[smartdemowp.com/dinso/wp-json/wp/v2/tags/6.json]
[smartdemowp.com/dinso/wp-content/plugins/color-sds-picker/js/jQuery.style.switcher.mind952.js]
[smartdemowp.com/dinso/wp-content/cache/min/1/dinso/wp-content/plugins/color-sds-picker/js/switcher-1b52dc3df2f4e0600d2d9180bdcf49c2.js]
[smartdemowp.com/dinso/tag/appartment/index.html]
[smartdemowp.com/dinso/wp-content/cache/min/1/bb48845ab062f011c3d65a4c208f63ec.css]
[smartdemowp.com/dinso/tag/buildings/feed/index.html]
[smartdemowp.com/dinso/wp-json/wp/v2/tags/8.json]
[smartdemowp.com/dinso/wp-content/plugins/color-sds-picker/js/jQuery.style.switcher.min36a5.js]
[smartdemowp.com/dinso/wp-content/cache/min/1/dinso/wp-content/plugins/color-sds-picker/js/switcher-86f1f4473ff59d21c684417fe54daa3d.js]
[smartdemowp.com/dinso/tag/buildings/index.html]
[smartdemowp.com/dinso/wp-content/cache/min/1/cbc5d9d4610deede96b4203c0c30b39e.css]
[smartdemowp.com/dinso/wp-json/wp/v2/tags/9.json]
[smartdemowp.com/dinso/wp-content/plugins/color-sds-picker/js/jQuery.style.switcher.min3799.js]
[smartdemowp.com/dinso/wp-content/cache/min/1/dinso/wp-content/plugins/color-sds-picker/js/switcher-7fb7004ec3f04f32a436201a1273ed3b.js]
[smartdemowp.com/dinso/tag/home/index.html]
[smartdemowp.com/dinso/tag/home/feed/index.html]
[smartdemowp.com/dinso/wp-content/cache/min/1/150012e6bb46fc290585ad75eafef6d3.css]
[smartdemowp.com/dinso/tag/luxury/feed/index.html]
[smartdemowp.com/dinso/wp-json/wp/v2/tags/7.json]
[smartdemowp.com/dinso/wp-content/plugins/color-sds-picker/js/jQuery.style.switcher.min9074.js]
[smartdemowp.com/dinso/wp-content/cache/min/1/dinso/wp-content/plugins/color-sds-picker/js/switcher-8657d8d45318413e62491e55b4504aef.js]
[smartdemowp.com/dinso/tag/luxury/index.html]
[smartdemowp.com/dinso/wp-content/cache/min/1/d1c2601edbf39bd2ebc25d9e8e93f022.css]
[smartdemowp.com/dinso/tag/property/feed/index.html]
[smartdemowp.com/dinso/wp-json/wp/v2/tags/4.json]
[smartdemowp.com/dinso/wp-content/plugins/color-sds-picker/js/jQuery.style.switcher.min271b.js]
[smartdemowp.com/dinso/wp-content/cache/min/1/dinso/wp-content/plugins/color-sds-picker/js/switcher-3c6010ff3fa9a9f95d17d2ae92a9cbb8.js]
[smartdemowp.com/dinso/tag/property/index.html]
[smartdemowp.com/dinso/wp-content/cache/min/1/e2ebabc8452fc0882f35859b41d3d695.css]
[smartdemowp.com/dinso/tag/villa/feed/index.html]
[smartdemowp.com/dinso/wp-json/wp/v2/tags/5.json]
[smartdemowp.com/dinso/wp-content/plugins/color-sds-picker/js/jQuery.style.switcher.mine7d9.js]
[smartdemowp.com/dinso/wp-content/cache/min/1/dinso/wp-content/plugins/color-sds-picker/js/switcher-2c9c2574ccf844f42d4afb520468d7e0.js]
[smartdemowp.com/dinso/tag/villa/index.html]
[smartdemowp.com/dinso/wp-content/cache/min/1/e6ac259fa3082206b42975334bc78e9e.css]
[smartdemowp.com/dinso/category/appartments/feed/index.html]
[smartdemowp.com/dinso/wp-json/wp/v2/categories/11.json]
[smartdemowp.com/dinso/wp-content/plugins/color-sds-picker/js/jQuery.style.switcher.min61b1.js]
[smartdemowp.com/dinso/wp-content/cache/min/1/dinso/wp-content/plugins/color-sds-picker/js/switcher-7d524ceb8a7000218f15281ac645b163.js]
[smartdemowp.com/dinso/category/appartments/index.html]
[smartdemowp.com/dinso/category/buildings/feed/index.html]
[smartdemowp.com/dinso/wp-json/wp/v2/categories/13.json]
[smartdemowp.com/dinso/category/buildings/index.html]
[smartdemowp.com/dinso/category/luxury-house/feed/index.html]
[smartdemowp.com/dinso/wp-json/wp/v2/categories/14.json]
[smartdemowp.com/dinso/wp-content/plugins/color-sds-picker/js/jQuery.style.switcher.minacb5.js]
[smartdemowp.com/dinso/wp-content/cache/min/1/dinso/wp-content/plugins/color-sds-picker/js/switcher-75d23c7ea1108e02a742063be2565bd4.js]
[smartdemowp.com/dinso/category/luxury-house/index.html]
[smartdemowp.com/dinso/wp-content/cache/min/1/c900920f47d4d2ca45c7de61b94bcc2f.css]
[smartdemowp.com/dinso/wp-content/cache/min/1/aab1bfe3d37e77b726c2e5bc8ba82a59.css]
[smartdemowp.com/dinso/wp-json/wp/v2/categories/10.json]
[smartdemowp.com/dinso/category/property/feed/index.html]
[smartdemowp.com/dinso/wp-content/plugins/color-sds-picker/js/jQuery.style.switcher.minbf30.js]
[smartdemowp.com/dinso/wp-content/cache/min/1/dinso/wp-content/plugins/color-sds-picker/js/switcher-5c5e51af01b2542c1c5c863e7c3d9e26.js]
[smartdemowp.com/dinso/category/property/index.html]
[smartdemowp.com/dinso/wp-content/cache/min/1/90d0a2b825921a0b302a8a2bf7cc435d.css]
[smartdemowp.com/dinso/wp-content/plugins/color-sds-picker/css/color/theme-colorbaa8.css]
[smartdemowp.com/dinso/index5ee4.html]
[smartdemowp.com/dinso/wp-content/themes/dinso/assets/css/color2268.css]
[smartdemowp.com/dinso/wp-content/plugins/color-sds-picker/css/switcher-style2268.css]
[smartdemowp.com/dinso/wp-content/themes/dinso/style2268.css]
[smartdemowp.com/dinso/wp-content/themes/dinso/assets/css/style-22268.css]
[smartdemowp.com/dinso/wp-content/themes/dinso/assets/css/responsive2268.css]
[smartdemowp.com/dinso/wp-content/plugins/color-sds-picker/js/jQuery.style.switcher.min2268.js]
[smartdemowp.com/dinso/wp-content/plugins/color-sds-picker/js/switcher2268.js]
[smartdemowp.com/dinso/many-important-brands-have-given-us-their-trust-6/index6809.html]
[smartdemowp.com/dinso/wp-content/cache/min/1/791d45efafe4f8bd57a42d5da96e9af6.css]
[smartdemowp.com/dinso/wp-content/plugins/color-sds-picker/css/color/theme-color1fb9.css]
[smartdemowp.com/dinso/wp-content/cache/min/1/1332ecede11f2b6ff9fc9bf5962f5e9b.css]
[smartdemowp.com/dinso/wp-content/plugins/color-sds-picker/css/color/theme-color31fc.css]
[smartdemowp.com/dinso/index7aa0.html]
[smartdemowp.com/dinso/wp-content/themes/dinso/assets/css/colorf879.css]
[smartdemowp.com/dinso/wp-content/plugins/color-sds-picker/css/switcher-stylef879.css]
[smartdemowp.com/dinso/wp-content/themes/dinso/stylef879.css]
[smartdemowp.com/dinso/wp-content/themes/dinso/assets/css/style-2f879.css]
[smartdemowp.com/dinso/wp-content/themes/dinso/assets/css/responsivef879.css]
[smartdemowp.com/dinso/wp-content/plugins/color-sds-picker/js/jQuery.style.switcher.minf879.js]
[smartdemowp.com/dinso/wp-content/plugins/color-sds-picker/js/switcherf879.js]
[smartdemowp.com/dinso/many-important-brands-have-given-us-their-trust-5/index0e22.html]
[smartdemowp.com/dinso/wp-content/themes/dinso/assets/fonts/fa-brands-400.svg]
[smartdemowp.com/dinso/wp-content/themes/dinso/assets/fonts/fa-regular-400.svg]
[smartdemowp.com/dinso/wp-content/themes/dinso/assets/fonts/fa-regular-400.eot]
[smartdemowp.com/dinso/wp-content/themes/dinso/assets/fonts/fa-solid-900.ttf]
[smartdemowp.com/dinso/wp-content/themes/dinso/assets/fonts/fa-solid-900.svg]
[smartdemowp.com/dinso/wp-content/themes/dinso/assets/fonts/Flaticon.svg]
[smartdemowp.com/dinso/wp-content/themes/dinso/assets/css/owl.video.play.html]
[smartdemowp.com/dinso/wp-content/themes/dinso/assets/css/mCSB_buttons.html]
[smartdemowp.com/dinso/wp-content/themes/dinso/assets/images/icons/preloader.svg]
[smartdemowp.com/dinso/wp-content/themes/dinso/assets/css/images/ui-icons_cc0000_256x240.html]
[smartdemowp.com/dinso/wp-content/themes/dinso/assets/images/icons/icon-select.html]
[smartdemowp.com/dinso/wp-content/themes/dinso/assets/images-2/resource/curve-image.html]
[smartdemowp.com/dinso/wp-content/themes/dinso/assets/fonts/Flaticond41d.eot]
[smartdemowp.com/dinso/wp-content/plugins/dinso-core/dinso-addons/fonts/Flaticond41d.eot]
[smartdemowp.com/dinso/wp-content/themes/dinso/assets/css/images/ui-icons_777620_256x240.png]
[smartdemowp.com/dinso/wp-content/plugins/dinso-core/dinso-addons/fonts/Flaticon.svg]
[smartdemowp.com/dinso/wp-content/cache/min/1/856e0cb1cb41ab409c347e442ee93c32.css]
[smartdemowp.com/dinso/wp-content/plugins/color-sds-picker/css/color/theme-colore5de.css]
[smartdemowp.com/dinso/wp-content/cache/min/1/ecf2f19e4f8bfcf50a21460b05b315e4.css]
[smartdemowp.com/dinso/wp-content/plugins/color-sds-picker/css/color/theme-color500e.css]
[smartdemowp.com/dinso/index3cee.html]
[smartdemowp.com/dinso/wp-content/cache/min/1/db86a58bd17ebe7269aa5d62d9d7980e.css]
[smartdemowp.com/dinso/wp-content/plugins/color-sds-picker/css/color/theme-color0ae0.css]
[smartdemowp.com/dinso/index71fc.html]
[smartdemowp.com/dinso/wp-content/cache/min/1/a888239f7011fcce28e3ae2cb279675f.css]
[smartdemowp.com/dinso/wp-content/plugins/color-sds-picker/css/color/theme-color9903.css]
[smartdemowp.com/dinso/wp-content/themes/dinso/assets/css/style-2ce40.css]
[smartdemowp.com/dinso/wp-content/cache/min/1/e4f16d0fb8d86085ae20b00581cad45d.css]
[smartdemowp.com/dinso/wp-content/plugins/color-sds-picker/css/color/theme-color5a58.css]
[smartdemowp.com/dinso/wp-content/cache/min/1/af729ea5e0e3a9e60581357ce45249b7.css]
[smartdemowp.com/dinso/wp-content/plugins/color-sds-picker/css/color/theme-color6aa0.css]
[smartdemowp.com/dinso/index0364.html]
[smartdemowp.com/dinso/wp-content/cache/min/1/d7085aa3062d888d09afb83cff3443d7.css]
[smartdemowp.com/dinso/wp-content/plugins/color-sds-picker/css/color/theme-color4db1.css]
[smartdemowp.com/dinso/wp-content/themes/dinso/assets/css/color01af.css]
[smartdemowp.com/dinso/wp-content/cache/min/1/c63ac0636665ad431b845eb16cfdd4d1.css]
[smartdemowp.com/dinso/wp-content/plugins/color-sds-picker/css/color/theme-color6149.css]
[smartdemowp.com/dinso/wp-content/cache/min/1/4dff039cce8818cef1d1c67f0d3285db.css]
[smartdemowp.com/dinso/wp-content/plugins/color-sds-picker/css/color/theme-color8868.css]
[smartdemowp.com/dinso/wp-content/cache/min/1/598263a88bfe1b1a6e34b19cb4a83efa.css]
[smartdemowp.com/dinso/wp-content/plugins/color-sds-picker/css/color/theme-colorb97b.css]
[smartdemowp.com/dinso/index802e.html]
[smartdemowp.com/dinso/wp-content/cache/min/1/ea24817150715d12c7088b73410bfd30.css]
[smartdemowp.com/dinso/wp-content/plugins/color-sds-picker/css/color/theme-color35f2.css]
[smartdemowp.com/dinso/index0dc6.html]
[smartdemowp.com/dinso/wp-content/cache/min/1/563a96f533e62fbb60f0669961e4d077.css]
[smartdemowp.com/dinso/wp-content/plugins/color-sds-picker/css/color/theme-color4e09.css]
[smartdemowp.com/dinso/indexe8d3.html]
[smartdemowp.com/dinso/wp-content/cache/min/1/f906af3ccdd4805a233032495acfc9bd.css]
[smartdemowp.com/dinso/wp-content/plugins/color-sds-picker/css/color/theme-colorc793.css]
[smartdemowp.com/dinso/index264a.html]
[smartdemowp.com/dinso/wp-content/cache/min/1/b04caf85397f37415f77993cb97c2586.css]
[smartdemowp.com/dinso/wp-content/plugins/color-sds-picker/css/color/theme-colorb83f.css]
[smartdemowp.com/dinso/indexcde3.html]
[smartdemowp.com/dinso/wp-content/cache/min/1/bcbd2edbd3d13737d6887dbb8bd01f7e.css]
[smartdemowp.com/dinso/wp-content/plugins/color-sds-picker/css/color/theme-color1386.css]
[smartdemowp.com/dinso/index5295.html]
[smartdemowp.com/dinso/wp-content/cache/min/1/b642f56234adb6f9423bdd0439873aa0.css]
[smartdemowp.com/dinso/wp-content/plugins/color-sds-picker/css/color/theme-colora4d2.css]
[smartdemowp.com/dinso/indexc524.html]
[smartdemowp.com/dinso/wp-content/cache/min/1/7d10d94af517826f70a0998542b4c70c.css]
[smartdemowp.com/dinso/wp-content/plugins/color-sds-picker/css/color/theme-color8f16.css]
[smartdemowp.com/dinso/index6543.html]
[smartdemowp.com/dinso/wp-content/cache/min/1/95b20efb3f66713686c63eb3e791591a.css]
[smartdemowp.com/dinso/wp-content/plugins/color-sds-picker/css/color/theme-color81bd.css]
[smartdemowp.com/dinso/wp-content/cache/min/1/6611014599ea9b4bb882021ac0d73822.css]
[smartdemowp.com/dinso/wp-content/plugins/color-sds-picker/css/color/theme-colord952.css]
[smartdemowp.com/dinso/wp-content/cache/min/1/bb48845ab062f011c3d65a4c208f63ec.css]
[smartdemowp.com/dinso/wp-content/plugins/color-sds-picker/css/color/theme-color36a5.css]
[smartdemowp.com/dinso/wp-content/cache/min/1/cbc5d9d4610deede96b4203c0c30b39e.css]
[smartdemowp.com/dinso/wp-content/plugins/color-sds-picker/css/color/theme-color3799.css]
[smartdemowp.com/dinso/wp-content/cache/min/1/150012e6bb46fc290585ad75eafef6d3.css]
[smartdemowp.com/dinso/wp-content/plugins/color-sds-picker/css/color/theme-color9074.css]
[smartdemowp.com/dinso/wp-content/cache/min/1/d1c2601edbf39bd2ebc25d9e8e93f022.css]
[smartdemowp.com/dinso/wp-content/plugins/color-sds-picker/css/color/theme-color271b.css]
[smartdemowp.com/dinso/wp-content/cache/min/1/e2ebabc8452fc0882f35859b41d3d695.css]
[smartdemowp.com/dinso/wp-content/plugins/color-sds-picker/css/color/theme-colore7d9.css]
[smartdemowp.com/dinso/wp-content/cache/min/1/e6ac259fa3082206b42975334bc78e9e.css]
[smartdemowp.com/dinso/wp-content/plugins/color-sds-picker/css/color/theme-color61b1.css]
[smartdemowp.com/dinso/wp-content/cache/min/1/c900920f47d4d2ca45c7de61b94bcc2f.css]
[smartdemowp.com/dinso/wp-content/plugins/color-sds-picker/css/color/theme-coloracb5.css]
[smartdemowp.com/dinso/wp-content/cache/min/1/aab1bfe3d37e77b726c2e5bc8ba82a59.css]
[smartdemowp.com/dinso/wp-content/plugins/color-sds-picker/css/color/theme-colorbf30.css]
[smartdemowp.com/dinso/wp-content/themes/dinso/assets/css/color2268.css]
[smartdemowp.com/dinso/wp-content/plugins/color-sds-picker/css/color/theme-color2268.css]
[smartdemowp.com/dinso/wp-content/plugins/color-sds-picker/css/switcher-style2268.css]
[smartdemowp.com/dinso/wp-content/themes/dinso/style2268.css]
[smartdemowp.com/dinso/wp-content/themes/dinso/assets/css/style-22268.css]
[smartdemowp.com/dinso/wp-content/themes/dinso/assets/css/responsive2268.css]
[smartdemowp.com/dinso/wp-content/themes/dinso/assets/css/colorf879.css]
[smartdemowp.com/dinso/wp-content/plugins/color-sds-picker/css/color/theme-colorf879.css]
[smartdemowp.com/dinso/wp-content/plugins/color-sds-picker/css/switcher-stylef879.css]
[smartdemowp.com/dinso/wp-content/themes/dinso/stylef879.css]
[smartdemowp.com/dinso/wp-content/themes/dinso/assets/css/style-2f879.css]
[smartdemowp.com/dinso/wp-content/themes/dinso/assets/css/responsivef879.css]
[smartdemowp.com/dinso/wp-content/themes/dinso/assets/css/images/ui-icons_777620_256x240.png]
